[0.064s] [34mcolcon[0m [1;30mDEBUG[0m [32mCommand line arguments: ['/usr/bin/colcon', 'build'][0m
[0.064s] [34mcolcon[0m [1;30mDEBUG[0m [32mParsed command line arguments: Namespace(log_base=None, log_level=None, verb_name='build', build_base='build', install_base='install', merge_install=False, symlink_install=False, test_result_base=None, continue_on_error=False, executor='parallel', parallel_workers=24, event_handlers=None, ignore_user_meta=False, metas=['./colcon.meta'], base_paths=['.'], packages_ignore=None, packages_ignore_regex=None, paths=None, packages_up_to=None, packages_up_to_regex=None, packages_above=None, packages_above_and_dependencies=None, packages_above_depth=None, packages_select_by_dep=None, packages_skip_by_dep=None, packages_skip_up_to=None, packages_select_build_failed=False, packages_skip_build_finished=False, packages_select_test_failures=False, packages_skip_test_passed=False, packages_select=None, packages_skip=None, packages_select_regex=None, packages_skip_regex=None, packages_start=None, packages_end=None, allow_overriding=[], cmake_args=None, cmake_target=None, cmake_target_skip_unavailable=False, cmake_clean_cache=False, cmake_clean_first=False, cmake_force_configure=False, ament_cmake_args=None, catkin_cmake_args=None, catkin_skip_building_tests=False, verb_parser=<colcon_defaults.argument_parser.defaults.DefaultArgumentsDecorator object at 0x76b3a30ff9a0>, verb_extension=<colcon_core.verb.build.BuildVerb object at 0x76b3a30ff3a0>, main=<bound method BuildVerb.main of <colcon_core.verb.build.BuildVerb object at 0x76b3a30ff3a0>>)[0m
[0.091s] [34mcolcon.colcon_core.package_discovery[0m [1;30mLevel 1[0m discover_packages(colcon_meta) check parameters
[0.092s] [34mcolcon.colcon_core.package_discovery[0m [1;30mLevel 1[0m discover_packages(recursive) check parameters
[0.092s] [34mcolcon.colcon_core.package_discovery[0m [1;30mLevel 1[0m discover_packages(ignore) check parameters
[0.092s] [34mcolcon.colcon_core.package_discovery[0m [1;30mLevel 1[0m discover_packages(path) check parameters
[0.092s] [34mcolcon.colcon_core.package_discovery[0m [1;30mLevel 1[0m discover_packages(colcon_meta) discover
[0.092s] [34mcolcon.colcon_core.package_discovery[0m [1;30mLevel 1[0m discover_packages(recursive) discover
[0.092s] [34mcolcon.colcon_core.package_discovery[0m [1;30mINFO[0m Crawling recursively for packages in '/home/chihaya/文档/Default Project/auto_coreball/build'
[0.092s] [34mcolcon.colcon_core.package_identification[0m [1;30mLevel 1[0m _identify(.) by extensions ['ignore', 'ignore_ament_install']
[0.092s] [34mcolcon.colcon_core.package_identification[0m [1;30mLevel 1[0m _identify(.) by extension 'ignore'
[0.092s] [34mcolcon.colcon_core.package_identification[0m [1;30mLevel 1[0m _identify(.) by extension 'ignore_ament_install'
[0.092s] [34mcolcon.colcon_core.package_identification[0m [1;30mLevel 1[0m _identify(.) by extensions ['colcon_pkg']
[0.092s] [34mcolcon.colcon_core.package_identification[0m [1;30mLevel 1[0m _identify(.) by extension 'colcon_pkg'
[0.092s] [34mcolcon.colcon_core.package_identification[0m [1;30mLevel 1[0m _identify(.) by extensions ['colcon_meta']
[0.092s] [34mcolcon.colcon_core.package_identification[0m [1;30mLevel 1[0m _identify(.) by extension 'colcon_meta'
[0.092s] [34mcolcon.colcon_core.package_identification[0m [1;30mLevel 1[0m _identify(.) by extensions ['ros']
[0.092s] [34mcolcon.colcon_core.package_identification[0m [1;30mLevel 1[0m _identify(.) by extension 'ros'
[0.094s] [34mcolcon.colcon_core.package_identification[0m [1;30mLevel 1[0m _identify(.) by extensions ['cmake', 'python']
[0.094s] [34mcolcon.colcon_core.package_identification[0m [1;30mLevel 1[0m _identify(.) by extension 'cmake'
[0.094s] [34mcolcon.colcon_core.package_identification[0m [1;30mLevel 1[0m _identify(.) by extension 'python'
[0.094s] [34mcolcon.colcon_core.package_identification[0m [1;30mLevel 1[0m _identify(.) by extensions ['python_setup_py']
[0.094s] [34mcolcon.colcon_core.package_identification[0m [1;30mLevel 1[0m _identify(.) by extension 'python_setup_py'
[0.094s] [34mcolcon.colcon_core.package_identification[0m [1;30mLevel 1[0m _identify(CMakeFiles) by extensions ['ignore', 'ignore_ament_install']
[0.094s] [34mcolcon.colcon_core.package_identification[0m [1;30mLevel 1[0m _identify(CMakeFiles) by extension 'ignore'
[0.094s] [34mcolcon.colcon_core.package_identification[0m [1;30mLevel 1[0m _identify(CMakeFiles) by extension 'ignore_ament_install'
[0.094s] [34mcolcon.colcon_core.package_identification[0m [1;30mLevel 1[0m _identify(CMakeFiles) by extensions ['colcon_pkg']
[0.094s] [34mcolcon.colcon_core.package_identification[0m [1;30mLevel 1[0m _identify(CMakeFiles) by extension 'colcon_pkg'
[0.094s] [34mcolcon.colcon_core.package_identification[0m [1;30mLevel 1[0m _identify(CMakeFiles) by extensions ['colcon_meta']
[0.094s] [34mcolcon.colcon_core.package_identification[0m [1;30mLevel 1[0m _identify(CMakeFiles) by extension 'colcon_meta'
[0.094s] [34mcolcon.colcon_core.package_identification[0m [1;30mLevel 1[0m _identify(CMakeFiles) by extensions ['ros']
[0.094s] [34mcolcon.colcon_core.package_identification[0m [1;30mLevel 1[0m _identify(CMakeFiles) by extension 'ros'
[0.094s] [34mcolcon.colcon_core.package_identification[0m [1;30mLevel 1[0m _identify(CMakeFiles) by extensions ['cmake', 'python']
[0.094s] [34mcolcon.colcon_core.package_identification[0m [1;30mLevel 1[0m _identify(CMakeFiles) by extension 'cmake'
[0.094s] [34mcolcon.colcon_core.package_identification[0m [1;30mLevel 1[0m _identify(CMakeFiles) by extension 'python'
[0.094s] [34mcolcon.colcon_core.package_identification[0m [1;30mLevel 1[0m _identify(CMakeFiles) by extensions ['python_setup_py']
[0.094s] [34mcolcon.colcon_core.package_identification[0m [1;30mLevel 1[0m _identify(CMakeFiles) by extension 'python_setup_py'
[0.094s] [34mcolcon.colcon_core.package_identification[0m [1;30mLevel 1[0m _identify(CMakeFiles/3.22.1) by extensions ['ignore', 'ignore_ament_install']
[0.094s] [34mcolcon.colcon_core.package_identification[0m [1;30mLevel 1[0m _identify(CMakeFiles/3.22.1) by extension 'ignore'
[0.094s] [34mcolcon.colcon_core.package_identification[0m [1;30mLevel 1[0m _identify(CMakeFiles/3.22.1) by extension 'ignore_ament_install'
[0.094s] [34mcolcon.colcon_core.package_identification[0m [1;30mLevel 1[0m _identify(CMakeFiles/3.22.1) by extensions ['colcon_pkg']
[0.094s] [34mcolcon.colcon_core.package_identification[0m [1;30mLevel 1[0m _identify(CMakeFiles/3.22.1) by extension 'colcon_pkg'
[0.094s] [34mcolcon.colcon_core.package_identification[0m [1;30mLevel 1[0m _identify(CMakeFiles/3.22.1) by extensions ['colcon_meta']
[0.094s] [34mcolcon.colcon_core.package_identification[0m [1;30mLevel 1[0m _identify(CMakeFiles/3.22.1) by extension 'colcon_meta'
[0.094s] [34mcolcon.colcon_core.package_identification[0m [1;30mLevel 1[0m _identify(CMakeFiles/3.22.1) by extensions ['ros']
[0.094s] [34mcolcon.colcon_core.package_identification[0m [1;30mLevel 1[0m _identify(CMakeFiles/3.22.1) by extension 'ros'
[0.094s] [34mcolcon.colcon_core.package_identification[0m [1;30mLevel 1[0m _identify(CMakeFiles/3.22.1) by extensions ['cmake', 'python']
[0.094s] [34mcolcon.colcon_core.package_identification[0m [1;30mLevel 1[0m _identify(CMakeFiles/3.22.1) by extension 'cmake'
[0.094s] [34mcolcon.colcon_core.package_identification[0m [1;30mLevel 1[0m _identify(CMakeFiles/3.22.1) by extension 'python'
[0.094s] [34mcolcon.colcon_core.package_identification[0m [1;30mLevel 1[0m _identify(CMakeFiles/3.22.1) by extensions ['python_setup_py']
[0.094s] [34mcolcon.colcon_core.package_identification[0m [1;30mLevel 1[0m _identify(CMakeFiles/3.22.1) by extension 'python_setup_py'
[0.095s] [34mcolcon.colcon_core.package_identification[0m [1;30mLevel 1[0m _identify(CMakeFiles/3.22.1/CompilerIdCXX) by extensions ['ignore', 'ignore_ament_install']
[0.095s] [34mcolcon.colcon_core.package_identification[0m [1;30mLevel 1[0m _identify(CMakeFiles/3.22.1/CompilerIdCXX) by extension 'ignore'
[0.095s] [34mcolcon.colcon_core.package_identification[0m [1;30mLevel 1[0m _identify(CMakeFiles/3.22.1/CompilerIdCXX) by extension 'ignore_ament_install'
[0.095s] [34mcolcon.colcon_core.package_identification[0m [1;30mLevel 1[0m _identify(CMakeFiles/3.22.1/CompilerIdCXX) by extensions ['colcon_pkg']
[0.095s] [34mcolcon.colcon_core.package_identification[0m [1;30mLevel 1[0m _identify(CMakeFiles/3.22.1/CompilerIdCXX) by extension 'colcon_pkg'
[0.095s] [34mcolcon.colcon_core.package_identification[0m [1;30mLevel 1[0m _identify(CMakeFiles/3.22.1/CompilerIdCXX) by extensions ['colcon_meta']
[0.095s] [34mcolcon.colcon_core.package_identification[0m [1;30mLevel 1[0m _identify(CMakeFiles/3.22.1/CompilerIdCXX) by extension 'colcon_meta'
[0.095s] [34mcolcon.colcon_core.package_identification[0m [1;30mLevel 1[0m _identify(CMakeFiles/3.22.1/CompilerIdCXX) by extensions ['ros']
[0.095s] [34mcolcon.colcon_core.package_identification[0m [1;30mLevel 1[0m _identify(CMakeFiles/3.22.1/CompilerIdCXX) by extension 'ros'
[0.095s] [34mcolcon.colcon_core.package_identification[0m [1;30mLevel 1[0m _identify(CMakeFiles/3.22.1/CompilerIdCXX) by extensions ['cmake', 'python']
[0.095s] [34mcolcon.colcon_core.package_identification[0m [1;30mLevel 1[0m _identify(CMakeFiles/3.22.1/CompilerIdCXX) by extension 'cmake'
[0.095s] [34mcolcon.colcon_core.package_identification[0m [1;30mLevel 1[0m _identify(CMakeFiles/3.22.1/CompilerIdCXX) by extension 'python'
[0.095s] [34mcolcon.colcon_core.package_identification[0m [1;30mLevel 1[0m _identify(CMakeFiles/3.22.1/CompilerIdCXX) by extensions ['python_setup_py']
[0.095s] [34mcolcon.colcon_core.package_identification[0m [1;30mLevel 1[0m _identify(CMakeFiles/3.22.1/CompilerIdCXX) by extension 'python_setup_py'
[0.095s] [34mcolcon.colcon_core.package_identification[0m [1;30mLevel 1[0m _identify(CMakeFiles/3.22.1/CompilerIdCXX/tmp) by extensions ['ignore', 'ignore_ament_install']
[0.095s] [34mcolcon.colcon_core.package_identification[0m [1;30mLevel 1[0m _identify(CMakeFiles/3.22.1/CompilerIdCXX/tmp) by extension 'ignore'
[0.095s] [34mcolcon.colcon_core.package_identification[0m [1;30mLevel 1[0m _identify(CMakeFiles/3.22.1/CompilerIdCXX/tmp) by extension 'ignore_ament_install'
[0.095s] [34mcolcon.colcon_core.package_identification[0m [1;30mLevel 1[0m _identify(CMakeFiles/3.22.1/CompilerIdCXX/tmp) by extensions ['colcon_pkg']
[0.095s] [34mcolcon.colcon_core.package_identification[0m [1;30mLevel 1[0m _identify(CMakeFiles/3.22.1/CompilerIdCXX/tmp) by extension 'colcon_pkg'
[0.095s] [34mcolcon.colcon_core.package_identification[0m [1;30mLevel 1[0m _identify(CMakeFiles/3.22.1/CompilerIdCXX/tmp) by extensions ['colcon_meta']
[0.095s] [34mcolcon.colcon_core.package_identification[0m [1;30mLevel 1[0m _identify(CMakeFiles/3.22.1/CompilerIdCXX/tmp) by extension 'colcon_meta'
[0.095s] [34mcolcon.colcon_core.package_identification[0m [1;30mLevel 1[0m _identify(CMakeFiles/3.22.1/CompilerIdCXX/tmp) by extensions ['ros']
[0.095s] [34mcolcon.colcon_core.package_identification[0m [1;30mLevel 1[0m _identify(CMakeFiles/3.22.1/CompilerIdCXX/tmp) by extension 'ros'
[0.095s] [34mcolcon.colcon_core.package_identification[0m [1;30mLevel 1[0m _identify(CMakeFiles/3.22.1/CompilerIdCXX/tmp) by extensions ['cmake', 'python']
[0.095s] [34mcolcon.colcon_core.package_identification[0m [1;30mLevel 1[0m _identify(CMakeFiles/3.22.1/CompilerIdCXX/tmp) by extension 'cmake'
[0.095s] [34mcolcon.colcon_core.package_identification[0m [1;30mLevel 1[0m _identify(CMakeFiles/3.22.1/CompilerIdCXX/tmp) by extension 'python'
[0.095s] [34mcolcon.colcon_core.package_identification[0m [1;30mLevel 1[0m _identify(CMakeFiles/3.22.1/CompilerIdCXX/tmp) by extensions ['python_setup_py']
[0.095s] [34mcolcon.colcon_core.package_identification[0m [1;30mLevel 1[0m _identify(CMakeFiles/3.22.1/CompilerIdCXX/tmp) by extension 'python_setup_py'
[0.095s] [34mcolcon.colcon_core.package_identification[0m [1;30mLevel 1[0m _identify(CMakeFiles/CMakeTmp) by extensions ['ignore', 'ignore_ament_install']
[0.095s] [34mcolcon.colcon_core.package_identification[0m [1;30mLevel 1[0m _identify(CMakeFiles/CMakeTmp) by extension 'ignore'
[0.095s] [34mcolcon.colcon_core.package_identification[0m [1;30mLevel 1[0m _identify(CMakeFiles/CMakeTmp) by extension 'ignore_ament_install'
[0.095s] [34mcolcon.colcon_core.package_identification[0m [1;30mLevel 1[0m _identify(CMakeFiles/CMakeTmp) by extensions ['colcon_pkg']
[0.095s] [34mcolcon.colcon_core.package_identification[0m [1;30mLevel 1[0m _identify(CMakeFiles/CMakeTmp) by extension 'colcon_pkg'
[0.095s] [34mcolcon.colcon_core.package_identification[0m [1;30mLevel 1[0m _identify(CMakeFiles/CMakeTmp) by extensions ['colcon_meta']
[0.095s] [34mcolcon.colcon_core.package_identification[0m [1;30mLevel 1[0m _identify(CMakeFiles/CMakeTmp) by extension 'colcon_meta'
[0.095s] [34mcolcon.colcon_core.package_identification[0m [1;30mLevel 1[0m _identify(CMakeFiles/CMakeTmp) by extensions ['ros']
[0.095s] [34mcolcon.colcon_core.package_identification[0m [1;30mLevel 1[0m _identify(CMakeFiles/CMakeTmp) by extension 'ros'
[0.095s] [34mcolcon.colcon_core.package_identification[0m [1;30mLevel 1[0m _identify(CMakeFiles/CMakeTmp) by extensions ['cmake', 'python']
[0.095s] [34mcolcon.colcon_core.package_identification[0m [1;30mLevel 1[0m _identify(CMakeFiles/CMakeTmp) by extension 'cmake'
[0.095s] [34mcolcon.colcon_core.package_identification[0m [1;30mLevel 1[0m _identify(CMakeFiles/CMakeTmp) by extension 'python'
[0.095s] [34mcolcon.colcon_core.package_identification[0m [1;30mLevel 1[0m _identify(CMakeFiles/CMakeTmp) by extensions ['python_setup_py']
[0.095s] [34mcolcon.colcon_core.package_identification[0m [1;30mLevel 1[0m _identify(CMakeFiles/CMakeTmp) by extension 'python_setup_py'
[0.095s] [34mcolcon.colcon_core.package_identification[0m [1;30mLevel 1[0m _identify(CMakeFiles/CheckFunctionExists) by extensions ['ignore', 'ignore_ament_install']
[0.095s] [34mcolcon.colcon_core.package_identification[0m [1;30mLevel 1[0m _identify(CMakeFiles/CheckFunctionExists) by extension 'ignore'
[0.095s] [34mcolcon.colcon_core.package_identification[0m [1;30mLevel 1[0m _identify(CMakeFiles/CheckFunctionExists) by extension 'ignore_ament_install'
[0.095s] [34mcolcon.colcon_core.package_identification[0m [1;30mLevel 1[0m _identify(CMakeFiles/CheckFunctionExists) by extensions ['colcon_pkg']
[0.095s] [34mcolcon.colcon_core.package_identification[0m [1;30mLevel 1[0m _identify(CMakeFiles/CheckFunctionExists) by extension 'colcon_pkg'
[0.095s] [34mcolcon.colcon_core.package_identification[0m [1;30mLevel 1[0m _identify(CMakeFiles/CheckFunctionExists) by extensions ['colcon_meta']
[0.096s] [34mcolcon.colcon_core.package_identification[0m [1;30mLevel 1[0m _identify(CMakeFiles/CheckFunctionExists) by extension 'colcon_meta'
[0.096s] [34mcolcon.colcon_core.package_identification[0m [1;30mLevel 1[0m _identify(CMakeFiles/CheckFunctionExists) by extensions ['ros']
[0.096s] [34mcolcon.colcon_core.package_identification[0m [1;30mLevel 1[0m _identify(CMakeFiles/CheckFunctionExists) by extension 'ros'
[0.096s] [34mcolcon.colcon_core.package_identification[0m [1;30mLevel 1[0m _identify(CMakeFiles/CheckFunctionExists) by extensions ['cmake', 'python']
[0.096s] [34mcolcon.colcon_core.package_identification[0m [1;30mLevel 1[0m _identify(CMakeFiles/CheckFunctionExists) by extension 'cmake'
[0.096s] [34mcolcon.colcon_core.package_identification[0m [1;30mLevel 1[0m _identify(CMakeFiles/CheckFunctionExists) by extension 'python'
[0.096s] [34mcolcon.colcon_core.package_identification[0m [1;30mLevel 1[0m _identify(CMakeFiles/CheckFunctionExists) by extensions ['python_setup_py']
[0.096s] [34mcolcon.colcon_core.package_identification[0m [1;30mLevel 1[0m _identify(CMakeFiles/CheckFunctionExists) by extension 'python_setup_py'
[0.096s] [34mcolcon.colcon_core.package_identification[0m [1;30mLevel 1[0m _identify(CMakeFiles/CheckLibraryExists) by extensions ['ignore', 'ignore_ament_install']
[0.096s] [34mcolcon.colcon_core.package_identification[0m [1;30mLevel 1[0m _identify(CMakeFiles/CheckLibraryExists) by extension 'ignore'
[0.096s] [34mcolcon.colcon_core.package_identification[0m [1;30mLevel 1[0m _identify(CMakeFiles/CheckLibraryExists) by extension 'ignore_ament_install'
[0.096s] [34mcolcon.colcon_core.package_identification[0m [1;30mLevel 1[0m _identify(CMakeFiles/CheckLibraryExists) by extensions ['colcon_pkg']
[0.096s] [34mcolcon.colcon_core.package_identification[0m [1;30mLevel 1[0m _identify(CMakeFiles/CheckLibraryExists) by extension 'colcon_pkg'
[0.096s] [34mcolcon.colcon_core.package_identification[0m [1;30mLevel 1[0m _identify(CMakeFiles/CheckLibraryExists) by extensions ['colcon_meta']
[0.096s] [34mcolcon.colcon_core.package_identification[0m [1;30mLevel 1[0m _identify(CMakeFiles/CheckLibraryExists) by extension 'colcon_meta'
[0.096s] [34mcolcon.colcon_core.package_identification[0m [1;30mLevel 1[0m _identify(CMakeFiles/CheckLibraryExists) by extensions ['ros']
[0.096s] [34mcolcon.colcon_core.package_identification[0m [1;30mLevel 1[0m _identify(CMakeFiles/CheckLibraryExists) by extension 'ros'
[0.096s] [34mcolcon.colcon_core.package_identification[0m [1;30mLevel 1[0m _identify(CMakeFiles/CheckLibraryExists) by extensions ['cmake', 'python']
[0.096s] [34mcolcon.colcon_core.package_identification[0m [1;30mLevel 1[0m _identify(CMakeFiles/CheckLibraryExists) by extension 'cmake'
[0.096s] [34mcolcon.colcon_core.package_identification[0m [1;30mLevel 1[0m _identify(CMakeFiles/CheckLibraryExists) by extension 'python'
[0.096s] [34mcolcon.colcon_core.package_identification[0m [1;30mLevel 1[0m _identify(CMakeFiles/CheckLibraryExists) by extensions ['python_setup_py']
[0.096s] [34mcolcon.colcon_core.package_identification[0m [1;30mLevel 1[0m _identify(CMakeFiles/CheckLibraryExists) by extension 'python_setup_py'
[0.096s] [34mcolcon.colcon_core.package_identification[0m [1;30mLevel 1[0m _identify(CMakeFiles/auto_coreball.dir) by extensions ['ignore', 'ignore_ament_install']
[0.096s] [34mcolcon.colcon_core.package_identification[0m [1;30mLevel 1[0m _identify(CMakeFiles/auto_coreball.dir) by extension 'ignore'
[0.096s] [34mcolcon.colcon_core.package_identification[0m [1;30mLevel 1[0m _identify(CMakeFiles/auto_coreball.dir) by extension 'ignore_ament_install'
[0.096s] [34mcolcon.colcon_core.package_identification[0m [1;30mLevel 1[0m _identify(CMakeFiles/auto_coreball.dir) by extensions ['colcon_pkg']
[0.096s] [34mcolcon.colcon_core.package_identification[0m [1;30mLevel 1[0m _identify(CMakeFiles/auto_coreball.dir) by extension 'colcon_pkg'
[0.096s] [34mcolcon.colcon_core.package_identification[0m [1;30mLevel 1[0m _identify(CMakeFiles/auto_coreball.dir) by extensions ['colcon_meta']
[0.096s] [34mcolcon.colcon_core.package_identification[0m [1;30mLevel 1[0m _identify(CMakeFiles/auto_coreball.dir) by extension 'colcon_meta'
[0.096s] [34mcolcon.colcon_core.package_identification[0m [1;30mLevel 1[0m _identify(CMakeFiles/auto_coreball.dir) by extensions ['ros']
[0.096s] [34mcolcon.colcon_core.package_identification[0m [1;30mLevel 1[0m _identify(CMakeFiles/auto_coreball.dir) by extension 'ros'
[0.096s] [34mcolcon.colcon_core.package_identification[0m [1;30mLevel 1[0m _identify(CMakeFiles/auto_coreball.dir) by extensions ['cmake', 'python']
[0.096s] [34mcolcon.colcon_core.package_identification[0m [1;30mLevel 1[0m _identify(CMakeFiles/auto_coreball.dir) by extension 'cmake'
[0.096s] [34mcolcon.colcon_core.package_identification[0m [1;30mLevel 1[0m _identify(CMakeFiles/auto_coreball.dir) by extension 'python'
[0.096s] [34mcolcon.colcon_core.package_identification[0m [1;30mLevel 1[0m _identify(CMakeFiles/auto_coreball.dir) by extensions ['python_setup_py']
[0.096s] [34mcolcon.colcon_core.package_identification[0m [1;30mLevel 1[0m _identify(CMakeFiles/auto_coreball.dir) by extension 'python_setup_py'
[0.096s] [34mcolcon.colcon_core.package_identification[0m [1;30mLevel 1[0m _identify(CMakeFiles/auto_coreball.dir/src) by extensions ['ignore', 'ignore_ament_install']
[0.096s] [34mcolcon.colcon_core.package_identification[0m [1;30mLevel 1[0m _identify(CMakeFiles/auto_coreball.dir/src) by extension 'ignore'
[0.097s] [34mcolcon.colcon_core.package_identification[0m [1;30mLevel 1[0m _identify(CMakeFiles/auto_coreball.dir/src) by extension 'ignore_ament_install'
[0.097s] [34mcolcon.colcon_core.package_identification[0m [1;30mLevel 1[0m _identify(CMakeFiles/auto_coreball.dir/src) by extensions ['colcon_pkg']
[0.097s] [34mcolcon.colcon_core.package_identification[0m [1;30mLevel 1[0m _identify(CMakeFiles/auto_coreball.dir/src) by extension 'colcon_pkg'
[0.097s] [34mcolcon.colcon_core.package_identification[0m [1;30mLevel 1[0m _identify(CMakeFiles/auto_coreball.dir/src) by extensions ['colcon_meta']
[0.097s] [34mcolcon.colcon_core.package_identification[0m [1;30mLevel 1[0m _identify(CMakeFiles/auto_coreball.dir/src) by extension 'colcon_meta'
[0.097s] [34mcolcon.colcon_core.package_identification[0m [1;30mLevel 1[0m _identify(CMakeFiles/auto_coreball.dir/src) by extensions ['ros']
[0.097s] [34mcolcon.colcon_core.package_identification[0m [1;30mLevel 1[0m _identify(CMakeFiles/auto_coreball.dir/src) by extension 'ros'
[0.097s] [34mcolcon.colcon_core.package_identification[0m [1;30mLevel 1[0m _identify(CMakeFiles/auto_coreball.dir/src) by extensions ['cmake', 'python']
[0.097s] [34mcolcon.colcon_core.package_identification[0m [1;30mLevel 1[0m _identify(CMakeFiles/auto_coreball.dir/src) by extension 'cmake'
[0.097s] [34mcolcon.colcon_core.package_identification[0m [1;30mLevel 1[0m _identify(CMakeFiles/auto_coreball.dir/src) by extension 'python'
[0.097s] [34mcolcon.colcon_core.package_identification[0m [1;30mLevel 1[0m _identify(CMakeFiles/auto_coreball.dir/src) by extensions ['python_setup_py']
[0.097s] [34mcolcon.colcon_core.package_identification[0m [1;30mLevel 1[0m _identify(CMakeFiles/auto_coreball.dir/src) by extension 'python_setup_py'
[0.097s] [34mcolcon.colcon_core.package_identification[0m [1;30mLevel 1[0m _identify(build) by extensions ['ignore', 'ignore_ament_install']
[0.097s] [34mcolcon.colcon_core.package_identification[0m [1;30mLevel 1[0m _identify(build) by extension 'ignore'
[0.097s] [34mcolcon.colcon_core.package_identification[0m [1;30mLevel 1[0m _identify(build) ignored
[0.097s] [34mcolcon.colcon_core.package_identification[0m [1;30mLevel 1[0m _identify(install) by extensions ['ignore', 'ignore_ament_install']
[0.097s] [34mcolcon.colcon_core.package_identification[0m [1;30mLevel 1[0m _identify(install) by extension 'ignore'
[0.097s] [34mcolcon.colcon_core.package_identification[0m [1;30mLevel 1[0m _identify(install) ignored
[0.097s] [34mcolcon.colcon_core.package_identification[0m [1;30mLevel 1[0m _identify(log) by extensions ['ignore', 'ignore_ament_install']
[0.097s] [34mcolcon.colcon_core.package_identification[0m [1;30mLevel 1[0m _identify(log) by extension 'ignore'
[0.097s] [34mcolcon.colcon_core.package_identification[0m [1;30mLevel 1[0m _identify(log) ignored
[0.097s] [34mcolcon.colcon_core.package_discovery[0m [1;30mLevel 1[0m discover_packages(recursive) using defaults
[0.097s] [34mcolcon.colcon_core.package_discovery[0m [1;30mLevel 1[0m discover_packages(ignore) discover
[0.097s] [34mcolcon.colcon_core.package_discovery[0m [1;30mLevel 1[0m discover_packages(ignore) using defaults
[0.097s] [34mcolcon.colcon_core.package_discovery[0m [1;30mLevel 1[0m discover_packages(path) discover
[0.097s] [34mcolcon.colcon_core.package_discovery[0m [1;30mLevel 1[0m discover_packages(path) using defaults
[0.106s] [34mcolcon.colcon_core.package_discovery[0m [1;30mLevel 1[0m discover_packages(prefix_path) check parameters
[0.106s] [34mcolcon.colcon_core.package_discovery[0m [1;30mLevel 1[0m discover_packages(prefix_path) discover
[0.108s] [34mcolcon.colcon_installed_package_information.package_discovery[0m [1;30mDEBUG[0m [32mFound 341 installed packages in /opt/ros/humble[0m
[0.109s] [34mcolcon.colcon_core.package_discovery[0m [1;30mLevel 1[0m discover_packages(prefix_path) using defaults
[0.132s] [34mcolcon.colcon_core.executor[0m [1;30mINFO[0m Executing jobs using 'parallel' executor
[0.133s] [34mcolcon.colcon_parallel_executor.executor.parallel[0m [1;30mDEBUG[0m [32mrun_until_complete[0m
[0.134s] [34mcolcon.colcon_parallel_executor.executor.parallel[0m [1;30mDEBUG[0m [32mclosing loop[0m
[0.134s] [34mcolcon.colcon_parallel_executor.executor.parallel[0m [1;30mDEBUG[0m [32mloop closed[0m
[0.134s] [34mcolcon.colcon_parallel_executor.executor.parallel[0m [1;30mDEBUG[0m [32mrun_until_complete finished with '0'[0m
[0.134s] [34mcolcon.colcon_core.event_reactor[0m [1;30mDEBUG[0m [32mjoining thread[0m
[0.137s] [34mcolcon.colcon_core.plugin_system[0m [1;30mINFO[0m Skipping extension 'colcon_notification.desktop_notification.terminal_notifier': Not used on non-Darwin systems
[0.137s] [34mcolcon.colcon_core.plugin_system[0m [1;30mINFO[0m Skipping extension 'colcon_notification.desktop_notification.win32': Not used on non-Windows systems
[0.137s] [34mcolcon.colcon_notification.desktop_notification[0m [1;30mINFO[0m Sending desktop notification using 'notify2'
[0.143s] [34mcolcon.colcon_core.event_reactor[0m [1;30mDEBUG[0m [32mjoined thread[0m
[0.144s] [34mcolcon.colcon_core.plugin_system[0m [1;30mINFO[0m Skipping extension 'colcon_core.shell.bat': Not used on non-Windows systems
[0.145s] [34mcolcon.colcon_core.shell[0m [1;30mINFO[0m Creating prefix script '/home/chihaya/文档/Default Project/auto_coreball/build/install/local_setup.ps1'
[0.145s] [34mcolcon.colcon_core.shell[0m [1;30mINFO[0m Creating prefix util module '/home/chihaya/文档/Default Project/auto_coreball/build/install/_local_setup_util_ps1.py'
[0.146s] [34mcolcon.colcon_core.shell[0m [1;30mINFO[0m Creating prefix chain script '/home/chihaya/文档/Default Project/auto_coreball/build/install/setup.ps1'
[0.147s] [34mcolcon.colcon_core.shell[0m [1;30mINFO[0m Creating prefix script '/home/chihaya/文档/Default Project/auto_coreball/build/install/local_setup.sh'
[0.147s] [34mcolcon.colcon_core.shell[0m [1;30mINFO[0m Creating prefix util module '/home/chihaya/文档/Default Project/auto_coreball/build/install/_local_setup_util_sh.py'
[0.147s] [34mcolcon.colcon_core.shell[0m [1;30mINFO[0m Creating prefix chain script '/home/chihaya/文档/Default Project/auto_coreball/build/install/setup.sh'
[0.148s] [34mcolcon.colcon_core.shell[0m [1;30mINFO[0m Creating prefix script '/home/chihaya/文档/Default Project/auto_coreball/build/install/local_setup.bash'
[0.148s] [34mcolcon.colcon_core.shell[0m [1;30mINFO[0m Creating prefix chain script '/home/chihaya/文档/Default Project/auto_coreball/build/install/setup.bash'
[0.149s] [34mcolcon.colcon_core.shell[0m [1;30mINFO[0m Creating prefix script '/home/chihaya/文档/Default Project/auto_coreball/build/install/local_setup.zsh'
[0.149s] [34mcolcon.colcon_core.shell[0m [1;30mINFO[0m Creating prefix chain script '/home/chihaya/文档/Default Project/auto_coreball/build/install/setup.zsh'
